../Core/Src/main.c:46:13:ClampAngles	8	static
../Core/Src/main.c:78:13:BT_StartReceive	8	static
../Core/Src/main.c:83:13:BT_HandleFrame	16	static
../Core/Src/main.c:113:13:BT_ProcessByte	16	static
../Core/Src/main.c:167:13:PC_StartReceive	8	static
../Core/Src/main.c:172:13:PC_HandleLine	48	static
../Core/Src/main.c:229:13:PC_ProcessByte	16	static
../Core/Src/main.c:262:6:HAL_UART_RxCpltCallback	16	static
../Core/Src/main.c:283:5:main	128	static,ignoring_inline_asm
../Core/Src/main.c:377:6:SystemClock_Config	128	static
../Core/Src/main.c:416:13:MX_TIM2_Init	48	static
../Core/Src/main.c:470:13:MX_USART1_UART_Init	8	static
../Core/Src/main.c:489:13:MX_USART2_UART_Init	8	static
../Core/Src/main.c:508:13:MX_GPIO_Init	48	static
../Core/Src/main.c:530:6:Error_Handler	16	static,ignoring_inline_asm
